// Jest Snapshot v1, https://goo.gl/fbAQLP

exports[`SearchField should match snapshot 1`] = `
<styled.div>
  <styled.input
    name="search"
    onChange={[MockFunction]}
    placeholder="search..."
    type="text"
  />
  <styled.button
    icon="test-file-stub"
    onClick={[Function]}
  />
</styled.div>
`;
